[     239ms] [INFO] %cDownload the React DevTools for a better development experience: https://react.dev/link/react-devtools font-weight:bold @ http://localhost:5173/node_modules/.vite/deps/react-dom_client.js?v=5a69298d:20102
[   34362ms] [INFO] %cDownload the React DevTools for a better development experience: https://react.dev/link/react-devtools font-weight:bold @ http://localhost:5173/node_modules/.vite/deps/react-dom_client.js?v=5a69298d:20102
[  305724ms] [INFO] %cDownload the React DevTools for a better development experience: https://react.dev/link/react-devtools font-weight:bold @ http://localhost:5173/node_modules/.vite/deps/react-dom_client.js?v=5a69298d:20102
[  656616ms] [ERROR] Error handled by React Router default ErrorBoundary: Error: useOnboardingContext must be used within OnboardingProvider
    at useOnboardingContext (http://localhost:5173/src/components/onboarding-context.tsx:150:11)
    at SpotlightOverlay (http://localhost:5173/src/components/HighlightOverlay.tsx:21:52)
    at Object.react_stack_bottom_frame (http://localhost:5173/node_modules/.vite/deps/react-dom_client.js?v=5a69298d:18509:20)
    at renderWithHooks (http://localhost:5173/node_modules/.vite/deps/react-dom_client.js?v=5a69298d:5654:24)
    at updateFunctionComponent (http://localhost:5173/node_modules/.vite/deps/react-dom_client.js?v=5a69298d:7475:21)
    at beginWork (http://localhost:5173/node_modules/.vite/deps/react-dom_client.js?v=5a69298d:8525:20)
    at runWithFiberInDEV (http://localhost:5173/node_modules/.vite/deps/react-dom_client.js?v=5a69298d:997:72)
    at performUnitOfWork (http://localhost:5173/node_modules/.vite/deps/react-dom_client.js?v=5a69298d:12561:98)
    at workLoopSync (http://localhost:5173/node_modules/.vite/deps/react-dom_client.js?v=5a69298d:12424:43)
    at renderRootSync (http://localhost:5173/node_modules/.vite/deps/react-dom_client.js?v=5a69298d:12408:13) @ http://localhost:5173/node_modules/.vite/deps/react-router.js?v=d9360b06:6500
[  656629ms] [ERROR] Error handled by React Router default ErrorBoundary: Error: useOnboardingContext must be used within OnboardingProvider
    at useOnboardingContext (http://localhost:5173/src/components/onboarding-context.tsx:150:11)
    at SpotlightOverlay (http://localhost:5173/src/components/HighlightOverlay.tsx:21:52)
    at Object.react_stack_bottom_frame (http://localhost:5173/node_modules/.vite/deps/react-dom_client.js?v=5a69298d:18509:20)
    at renderWithHooks (http://localhost:5173/node_modules/.vite/deps/react-dom_client.js?v=5a69298d:5654:24)
    at updateFunctionComponent (http://localhost:5173/node_modules/.vite/deps/react-dom_client.js?v=5a69298d:7475:21)
    at beginWork (http://localhost:5173/node_modules/.vite/deps/react-dom_client.js?v=5a69298d:8525:20)
    at runWithFiberInDEV (http://localhost:5173/node_modules/.vite/deps/react-dom_client.js?v=5a69298d:997:72)
    at performUnitOfWork (http://localhost:5173/node_modules/.vite/deps/react-dom_client.js?v=5a69298d:12561:98)
    at workLoopSync (http://localhost:5173/node_modules/.vite/deps/react-dom_client.js?v=5a69298d:12424:43)
    at renderRootSync (http://localhost:5173/node_modules/.vite/deps/react-dom_client.js?v=5a69298d:12408:13) @ http://localhost:5173/node_modules/.vite/deps/react-router.js?v=d9360b06:6500
[  656643ms] [ERROR] Error handled by React Router default ErrorBoundary: Error: useOnboardingContext must be used within OnboardingProvider
    at useOnboardingContext (http://localhost:5173/src/components/onboarding-context.tsx:150:11)
    at SpotlightOverlay (http://localhost:5173/src/components/HighlightOverlay.tsx:21:52)
    at Object.react_stack_bottom_frame (http://localhost:5173/node_modules/.vite/deps/react-dom_client.js?v=5a69298d:18509:20)
    at renderWithHooks (http://localhost:5173/node_modules/.vite/deps/react-dom_client.js?v=5a69298d:5654:24)
    at updateFunctionComponent (http://localhost:5173/node_modules/.vite/deps/react-dom_client.js?v=5a69298d:7475:21)
    at beginWork (http://localhost:5173/node_modules/.vite/deps/react-dom_client.js?v=5a69298d:8525:20)
    at runWithFiberInDEV (http://localhost:5173/node_modules/.vite/deps/react-dom_client.js?v=5a69298d:997:72)
    at performUnitOfWork (http://localhost:5173/node_modules/.vite/deps/react-dom_client.js?v=5a69298d:12561:98)
    at workLoopSync (http://localhost:5173/node_modules/.vite/deps/react-dom_client.js?v=5a69298d:12424:43)
    at renderRootSync (http://localhost:5173/node_modules/.vite/deps/react-dom_client.js?v=5a69298d:12408:13) @ http://localhost:5173/node_modules/.vite/deps/react-router.js?v=d9360b06:6500
[  656644ms] [ERROR] Error handled by React Router default ErrorBoundary: Error: useOnboardingContext must be used within OnboardingProvider
    at useOnboardingContext (http://localhost:5173/src/components/onboarding-context.tsx:150:11)
    at SpotlightOverlay (http://localhost:5173/src/components/HighlightOverlay.tsx:21:52)
    at Object.react_stack_bottom_frame (http://localhost:5173/node_modules/.vite/deps/react-dom_client.js?v=5a69298d:18509:20)
    at renderWithHooks (http://localhost:5173/node_modules/.vite/deps/react-dom_client.js?v=5a69298d:5654:24)
    at updateFunctionComponent (http://localhost:5173/node_modules/.vite/deps/react-dom_client.js?v=5a69298d:7475:21)
    at beginWork (http://localhost:5173/node_modules/.vite/deps/react-dom_client.js?v=5a69298d:8525:20)
    at runWithFiberInDEV (http://localhost:5173/node_modules/.vite/deps/react-dom_client.js?v=5a69298d:997:72)
    at performUnitOfWork (http://localhost:5173/node_modules/.vite/deps/react-dom_client.js?v=5a69298d:12561:98)
    at workLoopSync (http://localhost:5173/node_modules/.vite/deps/react-dom_client.js?v=5a69298d:12424:43)
    at renderRootSync (http://localhost:5173/node_modules/.vite/deps/react-dom_client.js?v=5a69298d:12408:13) @ http://localhost:5173/node_modules/.vite/deps/react-router.js?v=d9360b06:6500
[  656645ms] [ERROR] %o

%s

%s
 Error: useOnboardingContext must be used within OnboardingProvider
    at useOnboardingContext (http://localhost:5173/src/components/onboarding-context.tsx:150:11)
    at SpotlightOverlay (http://localhost:5173/src/components/HighlightOverlay.tsx:21:52)
    at Object.react_stack_bottom_frame (http://localhost:5173/node_modules/.vite/deps/react-dom_client.js?v=5a69298d:18509:20)
    at renderWithHooks (http://localhost:5173/node_modules/.vite/deps/react-dom_client.js?v=5a69298d:5654:24)
    at updateFunctionComponent (http://localhost:5173/node_modules/.vite/deps/react-dom_client.js?v=5a69298d:7475:21)
    at beginWork (http://localhost:5173/node_modules/.vite/deps/react-dom_client.js?v=5a69298d:8525:20)
    at runWithFiberInDEV (http://localhost:5173/node_modules/.vite/deps/react-dom_client.js?v=5a69298d:997:72)
    at performUnitOfWork (http://localhost:5173/node_modules/.vite/deps/react-dom_client.js?v=5a69298d:12561:98)
    at workLoopSync (http://localhost:5173/node_modules/.vite/deps/react-dom_client.js?v=5a69298d:12424:43)
    at renderRootSync (http://localhost:5173/node_modules/.vite/deps/react-dom_client.js?v=5a69298d:12408:13) The above error occurred in the <SpotlightOverlay> component. React will try to recreate this component tree from scratch using the error boundary you provided, RenderErrorBoundary. @ http://localhost:5173/node_modules/.vite/deps/react-dom_client.js?v=5a69298d:7000
[  656646ms] [ERROR] React Router caught the following error during render Error: useOnboardingContext must be used within OnboardingProvider
    at useOnboardingContext (http://localhost:5173/src/components/onboarding-context.tsx:150:11)
    at SpotlightOverlay (http://localhost:5173/src/components/HighlightOverlay.tsx:21:52)
    at Object.react_stack_bottom_frame (http://localhost:5173/node_modules/.vite/deps/react-dom_client.js?v=5a69298d:18509:20)
    at renderWithHooks (http://localhost:5173/node_modules/.vite/deps/react-dom_client.js?v=5a69298d:5654:24)
    at updateFunctionComponent (http://localhost:5173/node_modules/.vite/deps/react-dom_client.js?v=5a69298d:7475:21)
    at beginWork (http://localhost:5173/node_modules/.vite/deps/react-dom_client.js?v=5a69298d:8525:20)
    at runWithFiberInDEV (http://localhost:5173/node_modules/.vite/deps/react-dom_client.js?v=5a69298d:997:72)
    at performUnitOfWork (http://localhost:5173/node_modules/.vite/deps/react-dom_client.js?v=5a69298d:12561:98)
    at workLoopSync (http://localhost:5173/node_modules/.vite/deps/react-dom_client.js?v=5a69298d:12424:43)
    at renderRootSync (http://localhost:5173/node_modules/.vite/deps/react-dom_client.js?v=5a69298d:12408:13) @ http://localhost:5173/node_modules/.vite/deps/react-router.js?v=d9360b06:6539
[  703572ms] [ERROR] [vite] ReferenceError: addressUrl is not defined
    at http://localhost:5173/src/routes/landing.tsx?t=1788971549014:17:21 @ http://localhost:5173/@vite/client:808
[  703572ms] [ERROR] [vite] Failed to reload /src/routes/landing.tsx. This could be due to syntax errors or importing non-existent modules. (see errors above) @ http://localhost:5173/@vite/client:808
